  Determining projects to restore...   Restored D:\a\dreadREPO\dreadREPO\Dread.csproj (in 79 ms). D:\a\dreadREPO\dreadREPO\Systems\TensionSystem.cs(289,26): error CS0023: Operator '-' cannot be applied to operand of type 'Vector3' [D:\a\dreadREPO\dreadREPO\Dread.csproj] D:\a\dreadREPO\dreadREPO\Systems\TensionSystem.cs(297,24): warning CS8601: Possible null reference assignment. [D:\a\dreadREPO\dreadREPO\Dread.csproj]  Build FAILED.  D:\a\dreadREPO\dreadREPO\Systems\TensionSystem.cs(297,24): warning CS8601: Possible null reference assignment. [D:\a\dreadREPO\dreadREPO\Dread.csproj] D:\a\dreadREPO\dreadREPO\Systems\TensionSystem.cs(289,26): error CS0023: Operator '-' cannot be applied to operand of type 'Vector3' [D:\a\dreadREPO\dreadREPO\Dread.csproj]     1 Warning(s)     1 Error(s)  Time Elapsed 00:00:01.63
